WARNING: The following problems were found when resolving the SDK location:
Where: sdk.dir property in local.properties file. Problem: Directory does not exist


FAILURE: Build failed with an exception.

* What went wrong:
Could not determine the dependencies of task ':app:testDebugUnitTest'.
> SDK location not found. Define a valid SDK location with an ANDROID_HOME environment variable or by setting the sdk.dir path in your project's local properties file at '/app/local.properties'.

* Try:
> Run with --stacktrace option to get the stack trace.
> Run with --info or --debug option to get more log output.
> Run with --scan to get full insights.
> Get more help at https://help.gradle.org.

BUILD FAILED in 1s
